 
 ****************************************************
 ****************************************************
 **                                                **
 **                    WaveT                       **
 **     Evolution of molecular wavefunctions       **
 **   under external electromagnetic perturbations **
 **                                                **
 **                     by                         **
 **                Stefano Corni                   **
 **                Silvio Pipolo                   **
 **               Emanuele Coccia                  **
 **                 Gabriel Gil                    **
 **                Jacopo Fregoni                  **
 **                                                **
 ****************************************************
 ****************************************************
 
 Number to append to dat file           1
 Number of CIS states to be read          15
 Number of CIS states to be used          15
 Molecular center of charge
   0.0000000000000000        0.0000000000000000        0.0000000000000000     
 
 Time step (in au), number of steps, stride  0.20000000000000001               10           1
 
 No external medium, vacuum calculation
 No restart
 Only |k> -> |0> relaxation
 Energy term is propagated analytically
 Matmul is used in the propagation.
 
 Time shape of the perturbing fieldsnd       
 time at the center of the pulse (au):   5000.0000000000000     
 Width of the pulse (time au):   10.000000000000000     
 Frequency (au):  0.26000000000000001     
 Maximum E field (au)   0.0000000000000000        0.0000000000000000        0.0000000000000000     
 Maximum E field (V/m)   0.0000000000000000        0.0000000000000000        0.0000000000000000     
 Maximum intensity (W/cm^2)   0.0000000000000000        0.0000000000000000        0.0000000000000000     
 
 No dissipation
 SSE quantum jumps not written
 
 Excitation energies read from input, in Hartree
           1  0.26953406310081479     
           2  0.28272706166282296     
           3  0.28272706166282296     
           4  0.32398917527124288     
           5  0.32400754992105069     
           6  0.33991264679469169     
           7  0.33992367158457637     
           8  0.35102563499845563     
           9  0.37773135102912786     
          10  0.38570227411575614     
          11  0.38571329890564082     
          12  0.39391206764988601     
          13  0.39486754943989216     
          14  0.39486754943989216     
          15  0.40811934688128526     

 Starting point for FT calculation   80.000000000000000     
 Artificial damping   2000.0000000000000     
 Direction along which the field is oriented   1.0000000000000000        1.0000000000000000        1.0000000000000000     
 
 *************OMP*****************

 OMP parallelization on
The number of processors available =        4
The number of threads available    =        4

 *************OMP*****************
Done reading input & setting up the field, took     0.006s
Done , total elapsed time     0.012s
