&FREQ
 FMAX= 30*9.9999997473787516E-005  ,
 N_OMEGA=       5000,
 OMEGA_INI=  9.9999997764825821E-003,
 OMEGA_END= 0.34999999403953552     ,
 DEBUG_TYPE="non       ",
 OUT_LEVEL="low       ",
 TEST_TYPE="non       ",
 /
&MEDIUM
 MEDIUM_TYPE="sol       ",
 MEDIUM_INIT="fro       ",
 MEDIUM_POL="chr       ",
 BEM_TYPE="diag      ",
 BEM_READ_WRITE="rea       ",
 PRINT_LF_MATRIX="yes       ",
 /
 Solvent as external medium
 Medium polarization described by apparent charges
 Diagonal BEM formulation
 This is a Classical BEM run
 This is full run reading matrix and boundary
 This run just writes matrices and boundary
 Surface read from file cavity.inp
&EPS_FUNCTION
 EPSILON_OMEGA="deb       ",
 EPS_0=  35.840000000000003     ,
 EPS_D=  1.8060000000000000     ,
 EPS_A= 0.11022400110960007     ,
 EPS_GM=  7.5757602462545037E-004,
 EPS_W0=  0.0000000000000000     ,
 F_VEL=  0.0000000000000000     ,
 TAU_DEB=  139320.39999999999     ,
 /
 Essential output written.
Done reading input, took     0.001s
 BEM surface and Matrixes S D have been read in
 BEM correctly initialized
 Done BEM diagonal
 Written the static matrix for gamess
 Written the dynamic matrix for gamess
 Static loc-field mat in gamess form
 Dynamic loc-field mat in gamess form
Done , total elapsed time     1.475s
