Error. Genetic algorithm for optimal control optimization. "field_type" in "FIELD" namelist must be "genetic"
