WARNING. in "FIELD" namelist "omega" keyword is not used
WARNING. in "FIELD" namelist "sigma" keyword is not used
WARNING. in "FIELD" namelist "t0" keyword is not used
