ERROR: in "ENVIRON" key "env" is "vac". all other key in namelist ENVIRON are not used
