 
 ****************************************************
 ****************************************************
 **                                                **
 **                    WaveT                       **
 **     Evolution of molecular wavefunctions       **
 **   under external electromagnetic perturbations **
 **                                                **
 **                     by                         **
 **                Stefano Corni                   **
 **                Silvio Pipolo                   **
 **               Emanuele Coccia                  **
 **                 Gabriel Gil                    **
 **                Jacopo Fregoni                  **
 **                                                **
 ****************************************************
 ****************************************************
 
 Number to append to dat file           1
 Number of CIS states to be read          15
 Number of CIS states to be used          15
 Molecular center of charge
   0.0000000000000000        0.0000000000000000        0.0000000000000000     
 
 Time step (in au), number of steps, stride   1.0000000000000000E-002       25000           1
 
 Solvent as external medium
 No restart
 Only |k> -> |0> relaxation
 Energy term is propagated via second-order Euler
 Matmul is used in the propagation.
 
 Time shape of the perturbing fieldpip       
 time at the center of the pulse (au):   125.00000000000000     
 Width of the pulse (time au):   125.00000000000000     
 Frequency (au):  0.32398921040446282     
 Maximum E field (au)   0.0000000000000000        0.0000000000000000       0.50000000000000000     
 Maximum E field (V/m)   0.0000000000000000        0.0000000000000000        257110335350.00000     
 Maximum intensity (W/cm^2)   0.0000000000000000        0.0000000000000000        8775000000000000.0     
 
 No dissipation
 SSE quantum jumps not written
 
 Excitation energies read from input, in Hartree
           1  0.26953406310081479     
           2  0.28272706166282296     
           3  0.28272706166282296     
           4  0.32398917527124288     
           5  0.32400754992105069     
           6  0.33991264679469169     
           7  0.33992367158457637     
           8  0.35102563499845563     
           9  0.37773135102912786     
          10  0.38570227411575614     
          11  0.38571329890564082     
          12  0.39391206764988601     
          13  0.39486754943989216     
          14  0.39486754943989216     
          15  0.40811934688128526     

 Starting point for FT calculation   80.000000000000000     
 Artificial damping   2000.0000000000000        2000.0000000000000     
 Direction along which the field is oriented   1.0000000000000000        1.0000000000000000        1.0000000000000000     
 
 Absorber switched off with SSE or full Euler
 *************OMP*****************

 OMP parallelization on
The number of processors available =        4
The number of threads available    =        4

 *************OMP*****************
