 Solvent as external medium
 Medium polarization described by apparent charges
 Diagonal BEM formulation
 This is a Classical BEM run
 This run just writes matrices and boundary
 Building surface from spheres.
 Number of spheres           1
 I_sphere  X     Y   Z   Radius
     1      0.0000      0.0000      0.0000     10.0000
 Essential output written.
Done reading input, took     0.000s
 GEPOL-GB: COUNTING TESSERAE
 nts_act          60
 GEPOL-GB: GENERATING TESSERAE

 TOTAL NUMBER OF SPHERES=    1
 SPHERE             CENTER  (X,Y,Z) (A)               RADIUS (A)      AREA(A*A)
   1    0.000000000    0.000000000    0.000000000    5.291772492

 TOTAL NUMBER OF TESSERAE=      60
 SURFACE AREA=        351.89426816(A**2)    CAVITY VOLUME=        620.71480282 (A**3)
 nts_act          60
 Created output file with surface points
 Matrixes S D have been written out
