 
 ****************************************************
 ****************************************************
 **                                                **
 **                    WaveT                       **
 **     Evolution of molecular wavefunctions       **
 **   under external electromagnetic perturbations **
 **                                                **
 **                     by                         **
 **                Stefano Corni                   **
 **                Silvio Pipolo                   **
 **               Emanuele Coccia                  **
 **                 Gabriel Gil                    **
 **                Jacopo Fregoni                  **
 **                                                **
 ****************************************************
 ****************************************************
 
 Number to append to dat file           1
 Number of CIS states to be read          10
 Number of CIS states to be used          10
 Molecular center of charge
   0.0000000000000000        0.0000000000000000        0.0000000000000000     
 
 Time step (in au), number of steps, stride   1.0000000000000000E-002       25000           1
 
 Solvent as external medium
 No restart
 Only |k> -> |0> relaxation
 Energy term is propagated via second-order Euler
 Matmul is used in the propagation.
 
 Time shape of the perturbing fieldpip       
 time at the center of the pulse (au):   125.00000000000000     
 Width of the pulse (time au):   125.00000000000000     
 Frequency (au):  0.32398921040446282     
 Maximum E field (au)   0.0000000000000000        0.0000000000000000       0.50000000000000000     
 Maximum E field (V/m)   0.0000000000000000        0.0000000000000000        257110335350.00000     
 Maximum intensity (W/cm^2)   0.0000000000000000        0.0000000000000000        8775000000000000.0     
 
 No dissipation
 SSE quantum jumps not written
 
 Excitation energies read from input, in Hartree
           1  0.24530892479419708     
           2  0.25536353316903115     
           3  0.25536353316903115     
           4  0.26441488566435872     
           5  0.26441488566435872     
           6  0.28475562300160528     
           7  0.29795229649357496     
           8  0.29796699621342121     
           9  0.31721260442212224     
          10  0.34165823852643373     

 Starting point for FT calculation   80.000000000000000     
 Artificial damping   2000.0000000000000        2000.0000000000000     
 Direction along which the field is oriented   1.0000000000000000        1.0000000000000000        1.0000000000000000     
 
 Absorber switched off with SSE or full Euler
 Apparent charges are propagated
 Local field effects are included
 Medium charges do not follow the quantum jump
 Frequency of updating the interaction potential           1
 Use GS RF as coded in the ci_energy.inp values
 The coupling is of PCM type: pot \cdot chr
 Solvent as external medium
 Medium polarization described by apparent charges
 Diagonal BEM formulation
 This is a Classical BEM run
 This is full run reading matrix and boundary
 Medium polarization frozen to molecule in its GS
 Surface read from file cavity.inp
 Essential output written.
 Matmul is always used
Done reading input & setting up the field, took     0.154s
 BEM surface and Matrixes S D have been read in
 BEM correctly initialized
 Done BEM diagonal
 Medium contribution to ground state free energy:  -7.7939075580577286E-003
 G_neq at t=0:   0.0000000000000000     
Done , total elapsed time     4.503s
